// Jest Snapshot v1, https://goo.gl/fbAQLP

exports[`stub group without a DB stub tests 1`] = `Array []`;
